curl \
	--header "User-Agent: iOS 14.4.0 - xctest  (17501)" \
	"https://api.punkapi.com/v2/beers/4"